To honour the JVM settings for this build a single-use Daemon process will be forked. For more on this, please refer to https://docs.gradle.org/9.3.1/userguide/gradle_daemon.html#sec:disabling_the_daemon in the Gradle documentation.
Daemon will be stopped at the end of the build 
Calculating task graph as no cached configuration is available for tasks: clean :app:assembleDebug
> Task :app:preBuild UP-TO-DATE
> Task :app:generateDebugAssets UP-TO-DATE
> Task :app:preDebugBuild UP-TO-DATE
> Task :app:clean UP-TO-DATE
> Task :app:mergeDebugNativeDebugMetadata NO-SOURCE
> Task :app:processDebugGoogleServices
> Task :app:generateDebugBuildConfig
> Task :app:generateDebugResources
> Task :app:packageDebugResources
> Task :app:javaPreCompileDebug
> Task :app:processDebugNavigationResources
> Task :app:kspDebugKotlin
> Task :app:mergeDebugAssets
> Task :app:compressDebugAssets
> Task :app:desugarDebugFileDependencies
> Task :app:parseDebugLocalResources
> Task :app:generateDebugRFile
> Task :app:mapDebugSourceSetPaths
> Task :app:checkDebugAarMetadata
> Task :app:compileDebugNavigationResources
> Task :app:checkDebugDuplicateClasses
> Task :app:createDebugCompatibleScreenManifests
> Task :app:mergeDebugResources
> Task :app:mergeExtDexDebug
> Task :app:mergeLibDexDebug


> Task :app:extractDeepLinksDebug
> Task :app:mergeDebugJniLibFolders
> Task :app:compileDebugKotlin
> Task :app:processDebugMainManifest
> Task :app:mergeDebugNativeLibs

> Task :app:stripDebugDebugSymbols
Unable to strip the following libraries, packaging them as they are: libandroidx.graphics.path.so, libdatastore_shared_counter.so, libimage_processing_util_jni.so, libsurface_util_jni.so. Run with --info option to learn more.

> Task :app:validateSigningDebug FAILED
> Task :app:processDebugManifest

> Task :app:compileDebugKotlin
w: file:///F:/reve-genie%20(3)/app/src/main/java/com/example/ui/ReveGenieApp.kt:62:53 'val Icons.Filled.MenuBook: ImageVector' is deprecated. Use the AutoMirrored version at Icons.AutoMirrored.Filled.MenuBook.
w: file:///F:/reve-genie%20(3)/app/src/main/java/com/example/ui/components/CameraPreview.kt:22:26 'val LocalLifecycleOwner: ProvidableCompositionLocal<LifecycleOwner>' is deprecated. Moved to lifecycle-runtime-compose library in androidx.lifecycle.compose package.
w: file:///F:/reve-genie%20(3)/app/src/main/java/com/example/ui/screens/ProfileAndSettingsScreens.kt:192:36 'val Icons.Filled.Logout: ImageVector' is deprecated. Use the AutoMirrored version at Icons.AutoMirrored.Filled.Logout.
w: file:///F:/reve-genie%20(3)/app/src/main/java/com/example/ui/screens/SyllabusScreens.kt:1203:57 'val Icons.Filled.NoteAdd: ImageVector' is deprecated. Use the AutoMirrored version at Icons.AutoMirrored.Filled.NoteAdd.
w: file:///F:/reve-genie%20(3)/app/src/main/java/com/example/ui/screens/TranslationAndQuizScreens.kt:175:48 'val Icons.Filled.VolumeUp: ImageVector' is deprecated. Use the AutoMirrored version at Icons.AutoMirrored.Filled.VolumeUp.
w: file:///F:/reve-genie%20(3)/app/src/main/java/com/example/util/AndroidTtsManager.kt:64:42 'constructor(p0: String!, p1: String!): Locale' is deprecated. Deprecated in Java.
29 actionable tasks: 28 executed, 1 up-to-date
Configuration cache entry stored.
