2026-09-22T10:07:38.592+0600 [DEBUG] [org.gradle.launcher.daemon.bootstrap.DaemonMain] Assuming the daemon was started with following jvm opts: [-Xmx4g, -Dfile.encoding=UTF-8, -Duser.country=US, -Duser.language=en, -Duser.variant]
2026-09-22T10:07:39.498+0600 [DEBUG] [org.gradle.internal.remote.internal.inet.InetAddresses] Adding IP addresses for network interface Realtek PCIe GbE Family Controller-WFP Native MAC Layer LightWeight Filter-0000
2026-09-22T10:07:39.500+0600 [DEBUG] [org.gradle.internal.remote.internal.inet.InetAddresses] Is this a loopback interface? false
2026-09-22T10:07:39.504+0600 [DEBUG] [org.gradle.internal.remote.internal.inet.InetAddresses] Adding IP addresses for network interface Realtek PCIe GbE Family Controller-QoS Packet Scheduler-0000
2026-09-22T10:07:39.507+0600 [DEBUG] [org.gradle.internal.remote.internal.inet.InetAddresses] Is this a loopback interface? false
2026-09-22T10:07:39.508+0600 [DEBUG] [org.gradle.internal.remote.internal.inet.InetAddresses] Adding IP addresses for network interface Realtek PCIe GbE Family Controller-WFP 802.3 MAC Layer LightWeight Filter-0000
2026-09-22T10:07:39.509+0600 [DEBUG] [org.gradle.internal.remote.internal.inet.InetAddresses] Is this a loopback interface? false
2026-09-22T10:07:39.509+0600 [DEBUG] [org.gradle.internal.remote.internal.inet.InetAddresses] Adding IP addresses for network interface WAN Miniport (IP)-WFP Native MAC Layer LightWeight Filter-0000
2026-09-22T10:07:39.510+0600 [DEBUG] [org.gradle.internal.remote.internal.inet.InetAddresses] Is this a loopback interface? false
2026-09-22T10:07:39.510+0600 [DEBUG] [org.gradle.internal.remote.internal.inet.InetAddresses] Adding IP addresses for network interface WAN Miniport (IP)-QoS Packet Scheduler-0000
2026-09-22T10:07:39.511+0600 [DEBUG] [org.gradle.internal.remote.internal.inet.InetAddresses] Is this a loopback interface? false
2026-09-22T10:07:39.512+0600 [DEBUG] [org.gradle.internal.remote.internal.inet.InetAddresses] Adding IP addresses for network interface WAN Miniport (IPv6)-WFP Native MAC Layer LightWeight Filter-0000
2026-09-22T10:07:39.512+0600 [DEBUG] [org.gradle.internal.remote.internal.inet.InetAddresses] Is this a loopback interface? false
2026-09-22T10:07:39.513+0600 [DEBUG] [org.gradle.internal.remote.internal.inet.InetAddresses] Adding IP addresses for network interface WAN Miniport (IPv6)-QoS Packet Scheduler-0000
2026-09-22T10:07:39.514+0600 [DEBUG] [org.gradle.internal.remote.internal.inet.InetAddresses] Is this a loopback interface? false
2026-09-22T10:07:39.514+0600 [DEBUG] [org.gradle.internal.remote.internal.inet.InetAddresses] Adding IP addresses for network interface WAN Miniport (Network Monitor)-WFP Native MAC Layer LightWeight Filter-0000
2026-09-22T10:07:39.515+0600 [DEBUG] [org.gradle.internal.remote.internal.inet.InetAddresses] Is this a loopback interface? false
2026-09-22T10:07:39.516+0600 [DEBUG] [org.gradle.internal.remote.internal.inet.InetAddresses] Adding IP addresses for network interface WAN Miniport (Network Monitor)-QoS Packet Scheduler-0000
2026-09-22T10:07:39.516+0600 [DEBUG] [org.gradle.internal.remote.internal.inet.InetAddresses] Is this a loopback interface? false
2026-09-22T10:07:39.517+0600 [DEBUG] [org.gradle.internal.remote.internal.inet.InetAddresses] Adding IP addresses for network interface Microsoft Kernel Debug Network Adapter
2026-09-22T10:07:39.517+0600 [DEBUG] [org.gradle.internal.remote.internal.inet.InetAddresses] Is this a loopback interface? false
2026-09-22T10:07:39.518+0600 [DEBUG] [org.gradle.internal.remote.internal.inet.InetAddresses] Adding IP addresses for network interface Realtek PCIe GbE Family Controller
2026-09-22T10:07:39.521+0600 [DEBUG] [org.gradle.internal.remote.internal.inet.InetAddresses] Is this a loopback interface? false
2026-09-22T10:07:39.522+0600 [DEBUG] [org.gradle.internal.remote.internal.inet.InetAddresses] Adding remote address /fe80:0:0:0:1ab:cbb1:b031:7a85%ethernet_32769
2026-09-22T10:07:39.523+0600 [DEBUG] [org.gradle.internal.remote.internal.inet.InetAddresses] Adding remote address /192.168.0.200
2026-09-22T10:07:39.524+0600 [DEBUG] [org.gradle.internal.remote.internal.inet.InetAddresses] Adding IP addresses for network interface WAN Miniport (IP)
2026-09-22T10:07:39.525+0600 [DEBUG] [org.gradle.internal.remote.internal.inet.InetAddresses] Is this a loopback interface? false
2026-09-22T10:07:39.525+0600 [DEBUG] [org.gradle.internal.remote.internal.inet.InetAddresses] Adding IP addresses for network interface WAN Miniport (IPv6)
2026-09-22T10:07:39.526+0600 [DEBUG] [org.gradle.internal.remote.internal.inet.InetAddresses] Is this a loopback interface? false
2026-09-22T10:07:39.526+0600 [DEBUG] [org.gradle.internal.remote.internal.inet.InetAddresses] Adding IP addresses for network interface WAN Miniport (Network Monitor)
2026-09-22T10:07:39.526+0600 [DEBUG] [org.gradle.internal.remote.internal.inet.InetAddresses] Is this a loopback interface? false
2026-09-22T10:07:39.527+0600 [DEBUG] [org.gradle.internal.remote.internal.inet.InetAddresses] Adding IP addresses for network interface Bluetooth Device (Personal Area Network)
2026-09-22T10:07:39.527+0600 [DEBUG] [org.gradle.internal.remote.internal.inet.InetAddresses] Is this a loopback interface? false
2026-09-22T10:07:39.528+0600 [DEBUG] [org.gradle.internal.remote.internal.inet.InetAddresses] Adding IP addresses for network interface Bluetooth Device (Personal Area Network) #2
2026-09-22T10:07:39.528+0600 [DEBUG] [org.gradle.internal.remote.internal.inet.InetAddresses] Is this a loopback interface? false
2026-09-22T10:07:39.529+0600 [DEBUG] [org.gradle.internal.remote.internal.inet.InetAddresses] Adding remote address /fe80:0:0:0:8729:55fc:2c55:ee4d%ethernet_32774
2026-09-22T10:07:39.529+0600 [DEBUG] [org.gradle.internal.remote.internal.inet.InetAddresses] Adding IP addresses for network interface WAN Miniport (PPPOE)
2026-09-22T10:07:39.530+0600 [DEBUG] [org.gradle.internal.remote.internal.inet.InetAddresses] Is this a loopback interface? false
2026-09-22T10:07:39.548+0600 [DEBUG] [org.gradle.internal.remote.internal.inet.InetAddresses] Adding IP addresses for network interface Software Loopback Interface 1
2026-09-22T10:07:39.549+0600 [DEBUG] [org.gradle.internal.remote.internal.inet.InetAddresses] Is this a loopback interface? true
2026-09-22T10:07:39.550+0600 [DEBUG] [org.gradle.internal.remote.internal.inet.InetAddresses] Adding loopback address /0:0:0:0:0:0:0:1
2026-09-22T10:07:39.559+0600 [DEBUG] [org.gradle.internal.remote.internal.inet.InetAddresses] Adding loopback address /127.0.0.1
2026-09-22T10:07:39.560+0600 [DEBUG] [org.gradle.internal.remote.internal.inet.InetAddresses] Adding IP addresses for network interface Microsoft Teredo Tunneling Adapter
2026-09-22T10:07:39.563+0600 [DEBUG] [org.gradle.internal.remote.internal.inet.InetAddresses] Is this a loopback interface? false
2026-09-22T10:07:39.564+0600 [DEBUG] [org.gradle.internal.remote.internal.inet.InetAddresses] Adding IP addresses for network interface Microsoft IP-HTTPS Platform Adapter
2026-09-22T10:07:39.565+0600 [DEBUG] [org.gradle.internal.remote.internal.inet.InetAddresses] Is this a loopback interface? false
2026-09-22T10:07:39.566+0600 [DEBUG] [org.gradle.internal.remote.internal.inet.InetAddresses] Adding IP addresses for network interface Microsoft 6to4 Adapter
2026-09-22T10:07:39.581+0600 [DEBUG] [org.gradle.internal.remote.internal.inet.InetAddresses] Is this a loopback interface? false
2026-09-22T10:07:39.583+0600 [DEBUG] [org.gradle.internal.remote.internal.inet.InetAddresses] Adding IP addresses for network interface WAN Miniport (SSTP)
2026-09-22T10:07:39.593+0600 [DEBUG] [org.gradle.internal.remote.internal.inet.InetAddresses] Is this a loopback interface? false
2026-09-22T10:07:39.594+0600 [DEBUG] [org.gradle.internal.remote.internal.inet.InetAddresses] Adding IP addresses for network interface WAN Miniport (IKEv2)
2026-09-22T10:07:39.611+0600 [DEBUG] [org.gradle.internal.remote.internal.inet.InetAddresses] Is this a loopback interface? false
2026-09-22T10:07:39.614+0600 [DEBUG] [org.gradle.internal.remote.internal.inet.InetAddresses] Adding IP addresses for network interface WAN Miniport (L2TP)
2026-09-22T10:07:39.615+0600 [DEBUG] [org.gradle.internal.remote.internal.inet.InetAddresses] Is this a loopback interface? false
2026-09-22T10:07:39.615+0600 [DEBUG] [org.gradle.internal.remote.internal.inet.InetAddresses] Adding IP addresses for network interface WAN Miniport (PPTP)
2026-09-22T10:07:39.616+0600 [DEBUG] [org.gradle.internal.remote.internal.inet.InetAddresses] Is this a loopback interface? false
2026-09-22T10:07:39.855+0600 [INFO] [org.gradle.launcher.daemon.server.Daemon] start() called on daemon - DefaultDaemonContext[uid=baceb416-d8b2-43ee-a336-5315a181ca26,javaHome=C:\Program Files\Android\Android Studio\jbr,javaVersion=25,javaVendor=JetBrains s.r.o.,daemonRegistryDir=F:\reve-genie (3)\.gradle-user-home\daemon,pid=4100,idleTimeout=120000,priority=NORMAL,applyInstrumentationAgent=true,nativeServicesMode=ENABLED,daemonOpts=-Xmx4g,-Dfile.encoding=UTF-8,-Duser.country=US,-Duser.language=en,-Duser.variant]
2026-09-22T10:07:48.347+0600 [DEBUG] [org.gradle.internal.remote.internal.inet.TcpIncomingConnector] Listening on [02a595da-c344-49e9-a4e0-7e653f631547 port:58896, addresses:[localhost/127.0.0.1]].
2026-09-22T10:07:48.494+0600 [DEBUG] [org.gradle.launcher.daemon.server.Daemon] Daemon starting at: Tue Sep 22 10:07:48 GMT+06:00 2026, with address: [02a595da-c344-49e9-a4e0-7e653f631547 port:58896, addresses:[localhost/127.0.0.1]]
2026-09-22T10:07:48.495+0600 [INFO] [org.gradle.launcher.daemon.server.DaemonRegistryUpdater] Advertising the daemon address to the clients: [02a595da-c344-49e9-a4e0-7e653f631547 port:58896, addresses:[localhost/127.0.0.1]]
2026-09-22T10:07:48.496+0600 [DEBUG] [org.gradle.launcher.daemon.server.DaemonRegistryUpdater] Advertised daemon context: DefaultDaemonContext[uid=baceb416-d8b2-43ee-a336-5315a181ca26,javaHome=C:\Program Files\Android\Android Studio\jbr,javaVersion=25,javaVendor=JetBrains s.r.o.,daemonRegistryDir=F:\reve-genie (3)\.gradle-user-home\daemon,pid=4100,idleTimeout=120000,priority=NORMAL,applyInstrumentationAgent=true,nativeServicesMode=ENABLED,daemonOpts=-Xmx4g,-Dfile.encoding=UTF-8,-Duser.country=US,-Duser.language=en,-Duser.variant]
2026-09-22T10:07:48.497+0600 [DEBUG] [org.gradle.launcher.daemon.registry.PersistentDaemonRegistry] Storing daemon address: [02a595da-c344-49e9-a4e0-7e653f631547 port:58896, addresses:[localhost/127.0.0.1]], context: DefaultDaemonContext[uid=baceb416-d8b2-43ee-a336-5315a181ca26,javaHome=C:\Program Files\Android\Android Studio\jbr,javaVersion=25,javaVendor=JetBrains s.r.o.,daemonRegistryDir=F:\reve-genie (3)\.gradle-user-home\daemon,pid=4100,idleTimeout=120000,priority=NORMAL,applyInstrumentationAgent=true,nativeServicesMode=ENABLED,daemonOpts=-Xmx4g,-Dfile.encoding=UTF-8,-Duser.country=US,-Duser.language=en,-Duser.variant]
2026-09-22T10:07:48.515+0600 [DEBUG] [org.gradle.cache.internal.DefaultFileLockManager] Waiting to acquire exclusive lock on daemon addresses registry.
2026-09-22T10:07:48.534+0600 [DEBUG] [org.gradle.cache.internal.DefaultFileLockManager] Lock acquired on daemon addresses registry.
2026-09-22T10:07:48.547+0600 [DEBUG] [org.gradle.cache.internal.DefaultFileLockManager] Releasing lock on daemon addresses registry.
2026-09-22T10:07:48.549+0600 [LIFECYCLE] [org.gradle.launcher.daemon.server.Daemon] Daemon server started.
2026-09-22T10:07:48.552+0600 [DEBUG] [org.gradle.launcher.daemon.bootstrap.DaemonStartupCommunication] Completed writing the daemon greeting. Closing streams...
2026-09-22T10:07:48.613+0600 [DEBUG] [org.gradle.launcher.daemon.server.Daemon] stopOnExpiration() called on daemon
2026-09-22T10:07:48.624+0600 [DEBUG] [org.gradle.launcher.daemon.server.Daemon] awaitExpiration() called on daemon
2026-09-22T10:07:48.626+0600 [DEBUG] [org.gradle.launcher.daemon.server.DaemonStateCoordinator] daemon is running. Sleeping until state changes.
2026-09-22T10:07:48.629+0600 [DEBUG] [org.gradle.internal.remote.internal.inet.TcpIncomingConnector] Accepted connection from /127.0.0.1:58897 to /127.0.0.1:58896.
2026-09-22T10:07:48.998+0600 [DEBUG] [org.gradle.launcher.daemon.server.SynchronizedDispatchConnection] thread 67: received class org.gradle.launcher.daemon.protocol.Build
2026-09-22T10:07:48.999+0600 [DEBUG] [org.gradle.launcher.daemon.server.DefaultDaemonConnection] thread 67: Received non-IO message from client: Build{id=2c054fbd-5271-4f0f-b5db-c4d558767c80, currentDir=F:\reve-genie (3)}
2026-09-22T10:07:49.000+0600 [INFO] [org.gradle.launcher.daemon.server.DefaultIncomingConnectionHandler] Received command: Build{id=2c054fbd-5271-4f0f-b5db-c4d558767c80, currentDir=F:\reve-genie (3)}.
2026-09-22T10:07:49.000+0600 [DEBUG] [org.gradle.launcher.daemon.server.DefaultIncomingConnectionHandler] Starting executing command: Build{id=2c054fbd-5271-4f0f-b5db-c4d558767c80, currentDir=F:\reve-genie (3)} with connection: socket connection from /127.0.0.1:58896 to /127.0.0.1:58897.
2026-09-22T10:07:49.008+0600 [DEBUG] [org.gradle.launcher.daemon.server.DaemonStateCoordinator] Command execution: started DaemonCommandExecution[command = Build{id=2c054fbd-5271-4f0f-b5db-c4d558767c80, currentDir=F:\reve-genie (3)}, connection = DefaultDaemonConnection: socket connection from /127.0.0.1:58896 to /127.0.0.1:58897] after 0.011216666666666668 minutes of idle
2026-09-22T10:07:49.009+0600 [INFO] [org.gradle.launcher.daemon.server.DaemonRegistryUpdater] Marking the daemon as busy, address: [02a595da-c344-49e9-a4e0-7e653f631547 port:58896, addresses:[localhost/127.0.0.1]]
2026-09-22T10:07:49.009+0600 [DEBUG] [org.gradle.launcher.daemon.registry.PersistentDaemonRegistry] Marking busy by address: [02a595da-c344-49e9-a4e0-7e653f631547 port:58896, addresses:[localhost/127.0.0.1]]
2026-09-22T10:07:49.012+0600 [DEBUG] [org.gradle.cache.internal.DefaultFileLockManager] Waiting to acquire exclusive lock on daemon addresses registry.
2026-09-22T10:07:49.014+0600 [DEBUG] [org.gradle.cache.internal.DefaultFileLockManager] Lock acquired on daemon addresses registry.
2026-09-22T10:07:49.021+0600 [DEBUG] [org.gradle.cache.internal.DefaultFileLockManager] Releasing lock on daemon addresses registry.
2026-09-22T10:07:49.025+0600 [DEBUG] [org.gradle.launcher.daemon.server.DaemonStateCoordinator] resetting idle timer
2026-09-22T10:07:49.028+0600 [DEBUG] [org.gradle.launcher.daemon.server.DaemonStateCoordinator] daemon is running. Sleeping until state changes.
2026-09-22T10:07:49.035+0600 [INFO] [org.gradle.launcher.daemon.server.exec.StartBuildOrRespondWithBusy] Daemon is about to start building Build{id=2c054fbd-5271-4f0f-b5db-c4d558767c80, currentDir=F:\reve-genie (3)}. Dispatching build started information...
2026-09-22T10:07:49.036+0600 [DEBUG] [org.gradle.launcher.daemon.server.SynchronizedDispatchConnection] thread 69: dispatching org.gradle.launcher.daemon.protocol.BuildStarted@496ff0c
2026-09-22T10:07:49.049+0600 [DEBUG] [org.gradle.launcher.daemon.server.exec.EstablishBuildEnvironment] Configuring env variables: [PATH, USERDOMAIN_ROAMINGPROFILE, PROCESSOR_LEVEL, SSLKEYLOGFILE, GIT_PAGER, SESSIONNAME, ALLUSERSPROFILE, PROCESSOR_ARCHITECTURE, PSModulePath, SystemDrive, GH_PAGER, COLORTERM, DIRNAME, USERNAME, ProgramFiles(x86), CODEX_MANAGED_BY_NPM, FPS_BROWSER_USER_PROFILE_STRING, APP_HOME, CODEX_SANDBOX_NETWORK_DISABLED, DEFAULT_JVM_OPTS, PATHEXT, DriverData, PAGER, CODEX_PERMISSION_PROFILE, ProgramData, =F:, ProgramW6432, HOMEPATH, LC_ALL, PROCESSOR_IDENTIFIER, ProgramFiles, PUBLIC, LESS, windir, LC_CTYPE, CODEX_SESSION_ID, CODEX_MANAGED_PACKAGE_ROOT, LOCALAPPDATA, USERDOMAIN, FPS_BROWSER_APP_PROFILE_STRING, LOGONSERVER, JAVA_HOME, PROMPT, TERM, LANG, OneDrive, APPDATA, GRADLE_USER_HOME, JAVA_TOOL_OPTIONS, JAVA_EXE, CODEX_THREAD_ID, NO_COLOR, CODEX_CI, CommonProgramFiles, Path, OS, COMPUTERNAME, PROCESSOR_REVISION, CommonProgramW6432, ComSpec, APP_BASE_NAME, SystemRoot, TEMP, HOMEDRIVE, USERPROFILE, TMP, CommonProgramFiles(x86), CODEX_VERSION, NUMBER_OF_PROCESSORS]
2026-09-22T10:07:49.062+0600 [DEBUG] [org.gradle.launcher.daemon.server.exec.LogToClient] About to start relaying all logs to the client via the connection.
2026-09-22T10:07:49.063+0600 [INFO] [org.gradle.launcher.daemon.server.exec.LogToClient] The client will now receive all logging from the daemon (pid: 4100). The daemon log file: F:\reve-genie (3)\.gradle-user-home\daemon\9.3.1\daemon-4100.out.log
2026-09-22T10:07:49.066+0600 [DEBUG] [org.gradle.launcher.daemon.server.exec.RequestStopIfSingleUsedDaemon] Requesting daemon stop after processing Build{id=2c054fbd-5271-4f0f-b5db-c4d558767c80, currentDir=F:\reve-genie (3)}
2026-09-22T10:07:49.067+0600 [LIFECYCLE] [org.gradle.launcher.daemon.server.DaemonStateCoordinator] Daemon will be stopped at the end of the build 
2026-09-22T10:07:49.067+0600 [DEBUG] [org.gradle.launcher.daemon.server.DaemonStateCoordinator] Stop as soon as idle requested. The daemon is busy
2026-09-22T10:07:49.073+0600 [DEBUG] [org.gradle.launcher.daemon.server.DaemonStateCoordinator] daemon stop has been requested. Sleeping until state changes.
2026-09-22T10:07:49.079+0600 [DEBUG] [org.gradle.launcher.daemon.server.exec.ExecuteBuild] The daemon has started executing the build.
2026-09-22T10:07:49.079+0600 [DEBUG] [org.gradle.launcher.daemon.server.exec.ExecuteBuild] Executing build with daemon context: DefaultDaemonContext[uid=baceb416-d8b2-43ee-a336-5315a181ca26,javaHome=C:\Program Files\Android\Android Studio\jbr,javaVersion=25,javaVendor=JetBrains s.r.o.,daemonRegistryDir=F:\reve-genie (3)\.gradle-user-home\daemon,pid=4100,idleTimeout=120000,priority=NORMAL,applyInstrumentationAgent=true,nativeServicesMode=ENABLED,daemonOpts=-Xmx4g,-Dfile.encoding=UTF-8,-Duser.country=US,-Duser.language=en,-Duser.variant]
Calculating task graph as no cached configuration is available for tasks: wrapper --gradle-version 9.3.1

FAILURE: Build failed with an exception.

* Where:
Settings file 'F:\reve-genie (3)\settings.gradle.kts' line: 15

* What went wrong:
Plugin [id: 'org.gradle.toolchains.foojay-resolver-convention', version: '1.0.0'] was not found in any of the following sources:

- Gradle Core Plugins (plugin is not in 'org.gradle' namespace)
- Included Builds (No included builds contain this plugin)
- Plugin Repositories (could not resolve plugin artifact 'org.gradle.toolchains.foojay-resolver-convention:org.gradle.toolchains.foojay-resolver-convention.gradle.plugin:1.0.0')
  Searched in the following repositories:
    Google
    MavenRepo
    Gradle Central Plugin Repository

* Try:
> Run with --stacktrace option to get the stack trace.
> Run with --info or --debug option to get more log output.
> Run with --scan to get full insights from a Build Scan (powered by Develocity).
> Get more help at https://help.gradle.org.

BUILD FAILED in 56s
Configuration cache entry stored.
2026-09-22T10:07:57.655+0600 [DEBUG] [org.gradle.launcher.daemon.server.exec.ExecuteBuild] The daemon has finished executing the build.
2026-09-22T10:07:57.668+0600 [DEBUG] [org.gradle.launcher.daemon.server.DaemonStateCoordinator] daemon stop has been requested. Sleeping until state changes.
2026-09-22T10:07:57.669+0600 [DEBUG] [org.gradle.launcher.daemon.server.DaemonStateCoordinator] Command execution: finished waiting for DaemonCommandExecution[command = Build{id=2c054fbd-5271-4f0f-b5db-c4d558767c80, currentDir=F:\reve-genie (3)}, connection = DefaultDaemonConnection: socket connection from /127.0.0.1:58896 to /127.0.0.1:58897]. Result org.gradle.launcher.daemon.server.DaemonStateCoordinator@6c93d805 with state StopRequested
2026-09-22T10:07:57.669+0600 [DEBUG] [org.gradle.launcher.daemon.server.DaemonStateCoordinator] Command execution: completed DaemonCommandExecution[command = Build{id=2c054fbd-5271-4f0f-b5db-c4d558767c80, currentDir=F:\reve-genie (3)}, connection = DefaultDaemonConnection: socket connection from /127.0.0.1:58896 to /127.0.0.1:58897]
2026-09-22T10:07:57.669+0600 [DEBUG] [org.gradle.launcher.daemon.server.DaemonStateCoordinator] resetting idle timer
2026-09-22T10:07:57.669+0600 [DEBUG] [org.gradle.launcher.daemon.server.DaemonStateCoordinator] Marking daemon stopped due to command completed and stop requested. The daemon is not running a build
2026-09-22T10:07:57.670+0600 [DEBUG] [org.gradle.launcher.daemon.server.DaemonStateCoordinator] daemon has stopped.
2026-09-22T10:07:57.670+0600 [DEBUG] [org.gradle.launcher.daemon.server.exec.ReturnResult] Daemon is dispatching the build result: Success[value=org.gradle.launcher.exec.BuildActionResult@634551bc]
2026-09-22T10:07:57.670+0600 [DEBUG] [org.gradle.launcher.daemon.server.SynchronizedDispatchConnection] thread 66: dispatching Success[value=org.gradle.launcher.exec.BuildActionResult@634551bc]
2026-09-22T10:07:57.671+0600 [DEBUG] [org.gradle.launcher.daemon.server.Daemon] stop() called on daemon
2026-09-22T10:07:57.671+0600 [INFO] [org.gradle.launcher.daemon.server.Daemon] Stop requested. Daemon is removing its presence from the registry...
2026-09-22T10:07:57.671+0600 [DEBUG] [org.gradle.launcher.daemon.server.DaemonRegistryUpdater] Removing our presence to clients, eg. removing this address from the registry: [02a595da-c344-49e9-a4e0-7e653f631547 port:58896, addresses:[localhost/127.0.0.1]]
2026-09-22T10:07:57.672+0600 [DEBUG] [org.gradle.launcher.daemon.registry.PersistentDaemonRegistry] Removing daemon address: [02a595da-c344-49e9-a4e0-7e653f631547 port:58896, addresses:[localhost/127.0.0.1]]
2026-09-22T10:07:57.674+0600 [DEBUG] [org.gradle.cache.internal.DefaultFileLockManager] Waiting to acquire exclusive lock on daemon addresses registry.
2026-09-22T10:07:57.674+0600 [DEBUG] [org.gradle.cache.internal.DefaultFileLockManager] Lock acquired on daemon addresses registry.
2026-09-22T10:07:57.690+0600 [DEBUG] [org.gradle.launcher.daemon.server.DefaultIncomingConnectionHandler] Finishing executing command: Build{id=2c054fbd-5271-4f0f-b5db-c4d558767c80, currentDir=F:\reve-genie (3)}
2026-09-22T10:07:57.699+0600 [DEBUG] [org.gradle.launcher.daemon.server.exec.CleanUpVirtualFileSystemAfterBuild] Cleaning virtual file system after build finished
2026-09-22T10:07:57.733+0600 [DEBUG] [org.gradle.launcher.daemon.server.SynchronizedDispatchConnection] thread 67: received class org.gradle.launcher.daemon.protocol.CloseInput
2026-09-22T10:07:57.734+0600 [DEBUG] [org.gradle.launcher.daemon.server.DefaultDaemonConnection] thread 67: Received IO message from client: org.gradle.launcher.daemon.protocol.CloseInput@7d92adef
2026-09-22T10:07:57.734+0600 [DEBUG] [org.gradle.launcher.daemon.server.SynchronizedDispatchConnection] thread 67: received class org.gradle.launcher.daemon.protocol.Finished
2026-09-22T10:07:57.735+0600 [DEBUG] [org.gradle.launcher.daemon.server.DefaultDaemonConnection] thread 67: Received non-IO message from client: org.gradle.launcher.daemon.protocol.Finished@902bb9d
2026-09-22T10:07:57.736+0600 [DEBUG] [org.gradle.launcher.daemon.server.DefaultIncomingConnectionHandler] Received finished message: org.gradle.launcher.daemon.protocol.Finished@902bb9d
2026-09-22T10:07:57.736+0600 [DEBUG] [org.gradle.launcher.daemon.server.SynchronizedDispatchConnection] thread 66: stopping connection
2026-09-22T10:07:57.737+0600 [DEBUG] [org.gradle.internal.remote.internal.inet.SocketConnection] Discarding EOFException: java.io.EOFException
2026-09-22T10:07:57.738+0600 [DEBUG] [org.gradle.launcher.daemon.server.SynchronizedDispatchConnection] thread 67: received null
2026-09-22T10:07:57.738+0600 [DEBUG] [org.gradle.launcher.daemon.server.DefaultDaemonConnection] thread 67: Received end-of-input from client.
2026-09-22T10:07:57.740+0600 [DEBUG] [org.gradle.launcher.daemon.server.SynchronizedDispatchConnection] thread 66: stopping connection
2026-09-22T10:07:57.741+0600 [DEBUG] [org.gradle.cache.internal.DefaultFileLockManager] Releasing lock on daemon addresses registry.
2026-09-22T10:07:57.744+0600 [DEBUG] [org.gradle.launcher.daemon.server.DaemonRegistryUpdater] Address removed from registry.
2026-09-22T10:07:57.748+0600 [DEBUG] [org.gradle.cache.internal.DefaultCacheCleanupExecutor] jars (F:\reve-genie (3)\.gradle-user-home\caches\jars-9) has last been fully cleaned up 0 hours ago
2026-09-22T10:07:57.749+0600 [DEBUG] [org.gradle.cache.internal.DefaultCacheCleanupExecutor] Skipping cleanup for jars (F:\reve-genie (3)\.gradle-user-home\caches\jars-9) as it is not yet due
2026-09-22T10:07:57.749+0600 [DEBUG] [org.gradle.cache.internal.DefaultCacheCoordinator] Cache jars (F:\reve-genie (3)\.gradle-user-home\caches\jars-9) was closed 0 times.
2026-09-22T10:07:57.750+0600 [DEBUG] [org.gradle.cache.internal.LockOnDemandCrossProcessCacheAccess] Releasing file lock for file content cache (F:\reve-genie (3)\.gradle-user-home\caches\9.3.1\fileContent)
2026-09-22T10:07:57.751+0600 [DEBUG] [org.gradle.cache.internal.DefaultFileLockManager] Releasing lock on file content cache (F:\reve-genie (3)\.gradle-user-home\caches\9.3.1\fileContent).
2026-09-22T10:07:57.752+0600 [DEBUG] [org.gradle.internal.watch.vfs.impl.WatchingVirtualFileSystem] Closing VFS, dropping state
2026-09-22T10:07:57.753+0600 [DEBUG] [org.gradle.internal.watch.registry.impl.DefaultFileWatcherRegistry] Finished listening to file system change events
2026-09-22T10:07:57.753+0600 [DEBUG] [org.gradle.cache.internal.LockOnDemandCrossProcessCacheAccess] Releasing file lock for Generated Gradle JARs cache (F:\reve-genie (3)\.gradle-user-home\caches\9.3.1\generated-gradle-jars)
2026-09-22T10:07:57.754+0600 [DEBUG] [org.gradle.cache.internal.DefaultFileLockManager] Releasing lock on Generated Gradle JARs cache (F:\reve-genie (3)\.gradle-user-home\caches\9.3.1\generated-gradle-jars).
2026-09-22T10:07:57.755+0600 [DEBUG] [org.gradle.cache.internal.LockOnDemandCrossProcessCacheAccess] Releasing file lock for artifact cache (F:\reve-genie (3)\.gradle-user-home\caches\modules-2)
2026-09-22T10:07:57.755+0600 [DEBUG] [org.gradle.cache.internal.btree.BTreePersistentIndexedCache] Closing cache module-metadata.bin (F:\reve-genie (3)\.gradle-user-home\caches\modules-2\metadata-2.107\module-metadata.bin)
2026-09-22T10:07:57.756+0600 [DEBUG] [org.gradle.cache.internal.DefaultFileLockManager] Releasing lock on artifact cache (F:\reve-genie (3)\.gradle-user-home\caches\modules-2).
2026-09-22T10:07:57.757+0600 [DEBUG] [org.gradle.cache.internal.DefaultCacheCleanupExecutor] artifact cache (F:\reve-genie (3)\.gradle-user-home\caches\modules-2) has last been fully cleaned up 0 hours ago
2026-09-22T10:07:57.757+0600 [DEBUG] [org.gradle.cache.internal.DefaultCacheCleanupExecutor] Skipping cleanup for artifact cache (F:\reve-genie (3)\.gradle-user-home\caches\modules-2) as it is not yet due
2026-09-22T10:07:57.759+0600 [DEBUG] [org.gradle.cache.internal.DefaultCacheCleanupExecutor] groovy-dsl (F:\reve-genie (3)\.gradle-user-home\caches\9.3.1\groovy-dsl) has last been fully cleaned up 0 hours ago
2026-09-22T10:07:57.760+0600 [DEBUG] [org.gradle.cache.internal.DefaultCacheCleanupExecutor] Skipping cleanup for groovy-dsl (F:\reve-genie (3)\.gradle-user-home\caches\9.3.1\groovy-dsl) as it is not yet due
2026-09-22T10:07:57.760+0600 [DEBUG] [org.gradle.cache.internal.DefaultCacheCoordinator] Cache groovy-dsl (F:\reve-genie (3)\.gradle-user-home\caches\9.3.1\groovy-dsl) was closed 0 times.
2026-09-22T10:07:57.760+0600 [DEBUG] [org.gradle.cache.internal.DefaultCacheCleanupExecutor] Artifact transforms cache (F:\reve-genie (3)\.gradle-user-home\caches\9.3.1\transforms) has last been fully cleaned up 0 hours ago
2026-09-22T10:07:57.760+0600 [DEBUG] [org.gradle.cache.internal.DefaultCacheCleanupExecutor] Skipping cleanup for Artifact transforms cache (F:\reve-genie (3)\.gradle-user-home\caches\9.3.1\transforms) as it is not yet due
2026-09-22T10:07:57.761+0600 [DEBUG] [org.gradle.cache.internal.DefaultCacheCoordinator] Cache Artifact transforms cache (F:\reve-genie (3)\.gradle-user-home\caches\9.3.1\transforms) was closed 0 times.
2026-09-22T10:07:57.761+0600 [DEBUG] [org.gradle.cache.internal.LockOnDemandCrossProcessCacheAccess] Releasing file lock for cache directory 3c0a0081470296c4ba9f12403e2d2dc3 (F:\reve-genie (3)\.gradle-user-home\caches\9.3.1\kotlin-dsl\scripts\3c0a0081470296c4ba9f12403e2d2dc3)
2026-09-22T10:07:57.761+0600 [DEBUG] [org.gradle.cache.internal.DefaultFileLockManager] Releasing lock on cache directory 3c0a0081470296c4ba9f12403e2d2dc3 (F:\reve-genie (3)\.gradle-user-home\caches\9.3.1\kotlin-dsl\scripts\3c0a0081470296c4ba9f12403e2d2dc3).
2026-09-22T10:07:57.762+0600 [DEBUG] [org.gradle.cache.internal.DefaultCacheCleanupExecutor] kotlin-dsl (F:\reve-genie (3)\.gradle-user-home\caches\9.3.1\kotlin-dsl) has last been fully cleaned up 0 hours ago
2026-09-22T10:07:57.762+0600 [DEBUG] [org.gradle.cache.internal.DefaultCacheCleanupExecutor] Skipping cleanup for kotlin-dsl (F:\reve-genie (3)\.gradle-user-home\caches\9.3.1\kotlin-dsl) as it is not yet due
2026-09-22T10:07:57.762+0600 [DEBUG] [org.gradle.cache.internal.DefaultCacheCoordinator] Cache kotlin-dsl (F:\reve-genie (3)\.gradle-user-home\caches\9.3.1\kotlin-dsl) was closed 0 times.
2026-09-22T10:07:57.763+0600 [DEBUG] [org.gradle.cache.internal.LockOnDemandCrossProcessCacheAccess] Releasing file lock for journal cache (F:\reve-genie (3)\.gradle-user-home\caches\journal-1)
2026-09-22T10:07:57.764+0600 [DEBUG] [org.gradle.cache.internal.btree.BTreePersistentIndexedCache] Closing cache file-access.bin (F:\reve-genie (3)\.gradle-user-home\caches\journal-1\file-access.bin)
2026-09-22T10:07:57.764+0600 [DEBUG] [org.gradle.cache.internal.DefaultFileLockManager] Releasing lock on journal cache (F:\reve-genie (3)\.gradle-user-home\caches\journal-1).
2026-09-22T10:07:57.765+0600 [DEBUG] [org.gradle.cache.internal.LockOnDemandCrossProcessCacheAccess] Releasing file lock for file hash cache (F:\reve-genie (3)\.gradle-user-home\caches\9.3.1\fileHashes)
2026-09-22T10:07:57.766+0600 [DEBUG] [org.gradle.cache.internal.btree.BTreePersistentIndexedCache] Closing cache kotlinDslCompileAvoidanceClasspathHashCache.bin (F:\reve-genie (3)\.gradle-user-home\caches\9.3.1\fileHashes\kotlinDslCompileAvoidanceClasspathHashCache.bin)
2026-09-22T10:07:57.767+0600 [DEBUG] [org.gradle.cache.internal.btree.BTreePersistentIndexedCache] Closing cache fileHashes.bin (F:\reve-genie (3)\.gradle-user-home\caches\9.3.1\fileHashes\fileHashes.bin)
2026-09-22T10:07:57.767+0600 [DEBUG] [org.gradle.cache.internal.DefaultFileLockManager] Releasing lock on file hash cache (F:\reve-genie (3)\.gradle-user-home\caches\9.3.1\fileHashes).
2026-09-22T10:07:57.769+0600 [DEBUG] [org.gradle.internal.operations.DefaultBuildOperationRunner] Build operation 'Deleting unused version-specific caches in F:\reve-genie (3)\.gradle-user-home\caches' started
2026-09-22T10:07:57.770+0600 [DEBUG] [org.gradle.internal.operations.DefaultBuildOperationRunner] Completing Build operation 'Deleting unused version-specific caches in F:\reve-genie (3)\.gradle-user-home\caches'
2026-09-22T10:07:57.770+0600 [DEBUG] [org.gradle.internal.operations.DefaultBuildOperationRunner] Build operation 'Deleting unused version-specific caches in F:\reve-genie (3)\.gradle-user-home\caches' completed
2026-09-22T10:07:57.770+0600 [DEBUG] [org.gradle.launcher.daemon.server.Daemon] stop() called on daemon
2026-09-22T10:07:57.770+0600 [INFO] [org.gradle.launcher.daemon.server.Daemon] Stop requested. Daemon is removing its presence from the registry...
2026-09-22T10:07:57.771+0600 [DEBUG] [org.gradle.launcher.daemon.server.DaemonRegistryUpdater] Removing our presence to clients, eg. removing this address from the registry: [02a595da-c344-49e9-a4e0-7e653f631547 port:58896, addresses:[localhost/127.0.0.1]]
2026-09-22T10:07:57.771+0600 [DEBUG] [org.gradle.launcher.daemon.registry.PersistentDaemonRegistry] Removing daemon address: [02a595da-c344-49e9-a4e0-7e653f631547 port:58896, addresses:[localhost/127.0.0.1]]
2026-09-22T10:07:57.772+0600 [DEBUG] [org.gradle.cache.internal.DefaultFileLockManager] Waiting to acquire exclusive lock on daemon addresses registry.
2026-09-22T10:07:57.773+0600 [DEBUG] [org.gradle.cache.internal.DefaultFileLockManager] Lock acquired on daemon addresses registry.
2026-09-22T10:07:57.774+0600 [DEBUG] [org.gradle.cache.internal.DefaultFileLockManager] Releasing lock on daemon addresses registry.
2026-09-22T10:07:57.775+0600 [DEBUG] [org.gradle.launcher.daemon.server.DaemonRegistryUpdater] Address removed from registry.
2026-09-22T10:07:57.776+0600 [DEBUG] [org.gradle.cache.internal.locklistener.DefaultFileLockContentionHandler] File lock listener thread completed.
2026-09-22T10:07:57.781+0600 [DEBUG] [java.lang.Runtime] Runtime.exit() called with status: 0
java.lang.Throwable: Runtime.exit(0)
	at java.base/java.lang.Shutdown.logRuntimeExit(Unknown Source)
	at java.base/java.lang.Shutdown.exit(Unknown Source)
	at java.base/java.lang.Runtime.exit(Unknown Source)
	at java.base/java.lang.System.exit(Unknown Source)
	at org.gradle.launcher.bootstrap.ProcessCompleter.complete(ProcessCompleter.java:21)
	at org.gradle.launcher.bootstrap.EntryPoint.run(EntryPoint.java:62)
	at java.base/jdk.internal.reflect.DirectMethodHandleAccessor.invoke(Unknown Source)
	at java.base/java.lang.reflect.Method.invoke(Unknown Source)
	at org.gradle.launcher.bootstrap.ProcessBootstrap.runNoExit(ProcessBootstrap.java:72)
	at org.gradle.launcher.bootstrap.ProcessBootstrap.run(ProcessBootstrap.java:39)
	at org.gradle.launcher.daemon.bootstrap.GradleDaemon.main(GradleDaemon.java:22)
Daemon vm is shutting down... The daemon has exited normally or was terminated in response to a user interrupt.
2026-09-22T10:07:57.784+0600 [DEBUG] [org.gradle.launcher.daemon.registry.PersistentDaemonRegistry] Removing daemon address: [02a595da-c344-49e9-a4e0-7e653f631547 port:58896, addresses:[localhost/127.0.0.1]]
2026-09-22T10:07:57.785+0600 [DEBUG] [org.gradle.launcher.daemon.server.Daemon] VM shutdown hook was unable to remove the daemon address from the registry. It will be cleaned up later.
java.lang.IllegalStateException: Cannot start managing file contention because this handler has been closed.
	at org.gradle.cache.internal.locklistener.DefaultFileLockContentionHandler.assertNotStopped(DefaultFileLockContentionHandler.java:267)
	at org.gradle.cache.internal.locklistener.DefaultFileLockContentionHandler.reservePort(DefaultFileLockContentionHandler.java:312)
	at org.gradle.cache.internal.DefaultFileLockManager.lock(DefaultFileLockManager.java:124)
	at org.gradle.cache.internal.DefaultFileLockManager.lock(DefaultFileLockManager.java:106)
	at org.gradle.cache.internal.DefaultFileLockManager.lock(DefaultFileLockManager.java:101)
	at org.gradle.cache.internal.OnDemandFileAccess.updateFile(OnDemandFileAccess.java:51)
	at org.gradle.cache.internal.FileBackedObjectHolder.update(FileBackedObjectHolder.java:77)
	at org.gradle.cache.internal.FileIntegrityViolationSuppressingObjectHolderDecorator.lambda$update$0(FileIntegrityViolationSuppressingObjectHolderDecorator.java:48)
	at org.gradle.cache.internal.FileIntegrityViolationSuppressingObjectHolderDecorator.doUpdate(FileIntegrityViolationSuppressingObjectHolderDecorator.java:58)
	at org.gradle.cache.internal.FileIntegrityViolationSuppressingObjectHolderDecorator.update(FileIntegrityViolationSuppressingObjectHolderDecorator.java:48)
	at org.gradle.launcher.daemon.registry.PersistentDaemonRegistry.remove(PersistentDaemonRegistry.java:133)
	at org.gradle.launcher.daemon.server.Daemon$1.run(Daemon.java:133)
	at java.base/java.lang.Thread.run(Unknown Source)
